{"timestamp":"2026-08-08 15:21:00.123","level":"WARN ","thread":"HikariPool-1 housekeeper","logger":"com.zaxxer.hikari.pool.HikariPool","correlationId":"","message":"HikariPool-1 - Thread starvation or clock leap detected (housekeeper delta=18h29m44s842ms165µs500ns)."}
{"timestamp":"2026-08-08 15:30:19.012","level":"INFO ","thread":"File Watcher","logger":"o.s.b.d.a.LocalDevToolsAutoConfiguration$RestartingClassPathChangeChangedEventListener","correlationId":"","message":"Restarting due to 1 class path change (0 additions, 0 deletions, 1 modification)"}
{"timestamp":"2026-08-08 15:30:19.040","level":"INFO ","thread":"Thread-5","logger":"o.a.coyote.http11.Http11NioProtocol","correlationId":"","message":"Stopping ProtocolHandler ["http-nio-8080"]"}
{"timestamp":"2026-08-08 15:30:19.075","level":"INFO ","thread":"Thread-5","logger":"o.s.o.j.LocalContainerEntityManagerFactoryBean","correlationId":"","message":"Closing JPA EntityManagerFactory for persistence unit 'default'"}
{"timestamp":"2026-08-08 15:30:19.086","level":"INFO ","thread":"Thread-5","logger":"com.zaxxer.hikari.HikariDataSource","correlationId":"","message":"HikariPool-1 - Shutdown initiated..."}
{"timestamp":"2026-08-08 15:30:19.099","level":"INFO ","thread":"Thread-5","logger":"com.zaxxer.hikari.HikariDataSource","correlationId":"","message":"HikariPool-1 - Shutdown completed."}
{"timestamp":"2026-08-08 15:30:19.314","level":"INFO ","thread":"restartedMain","logger":"com.himpact.HimpactApplication","correlationId":"","message":"Starting HimpactApplication using Java 21.0.11 with PID 22796 (C:\Users\Hamdy\OneDrive\Documents\Projects\HImpact-Digital-Event-Automation\backend\target\classes started by Hamdy in C:\Users\Hamdy\OneDrive\Documents\Projects\HImpact-Digital-Event-Automation\backend)"}
{"timestamp":"2026-08-08 15:30:19.315","level":"DEBUG","thread":"restartedMain","logger":"com.himpact.HimpactApplication","correlationId":"","message":"Running with Spring Boot v3.3.2, Spring v6.1.11"}
{"timestamp":"2026-08-08 15:30:19.315","level":"INFO ","thread":"restartedMain","logger":"com.himpact.HimpactApplication","correlationId":"","message":"The following 1 profile is active: "dev""}
{"timestamp":"2026-08-08 15:30:20.258","level":"INFO ","thread":"restartedMain","logger":"o.s.d.r.c.RepositoryConfigurationDelegate","correlationId":"","message":"Bootstrapping Spring Data JPA repositories in DEFAULT mode."}
{"timestamp":"2026-08-08 15:30:20.416","level":"INFO ","thread":"restartedMain","logger":"o.s.d.r.c.RepositoryConfigurationDelegate","correlationId":"","message":"Finished Spring Data repository scanning in 156 ms. Found 16 JPA repository interfaces."}
{"timestamp":"2026-08-08 15:30:20.821","level":"INFO ","thread":"restartedMain","logger":"o.s.b.w.e.tomcat.TomcatWebServer","correlationId":"","message":"Tomcat initialized with port 8080 (http)"}
{"timestamp":"2026-08-08 15:30:20.826","level":"INFO ","thread":"restartedMain","logger":"o.a.coyote.http11.Http11NioProtocol","correlationId":"","message":"Initializing ProtocolHandler ["http-nio-8080"]"}
{"timestamp":"2026-08-08 15:30:20.827","level":"INFO ","thread":"restartedMain","logger":"o.a.catalina.core.StandardService","correlationId":"","message":"Starting service [Tomcat]"}
{"timestamp":"2026-08-08 15:30:20.828","level":"INFO ","thread":"restartedMain","logger":"o.a.catalina.core.StandardEngine","correlationId":"","message":"Starting Servlet engine: [Apache Tomcat/10.1.26]"}
{"timestamp":"2026-08-08 15:30:20.917","level":"INFO ","thread":"restartedMain","logger":"o.a.c.c.C.[Tomcat].[localhost].[/]","correlationId":"","message":"Initializing Spring embedded WebApplicationContext"}
{"timestamp":"2026-08-08 15:30:20.917","level":"INFO ","thread":"restartedMain","logger":"o.s.b.w.s.c.ServletWebServerApplicationContext","correlationId":"","message":"Root WebApplicationContext: initialization completed in 1595 ms"}
{"timestamp":"2026-08-08 15:30:21.124","level":"WARN ","thread":"restartedMain","logger":"c.himpact.security.JwtTokenProvider","correlationId":"","message":"SECURITY WARNING: Using default fallback JWT secret. Set JWT_SECRET environment variable in production!"}
{"timestamp":"2026-08-08 15:30:21.150","level":"DEBUG","thread":"restartedMain","logger":"c.h.security.JwtAuthenticationFilter","correlationId":"","message":"Filter 'jwtAuthenticationFilter' configured for use"}
{"timestamp":"2026-08-08 15:30:21.150","level":"DEBUG","thread":"restartedMain","logger":"c.h.security.CorrelationIdFilter","correlationId":"","message":"Filter 'correlationIdFilter' configured for use"}
{"timestamp":"2026-08-08 15:30:21.151","level":"DEBUG","thread":"restartedMain","logger":"c.h.security.RateLimitingFilter","correlationId":"","message":"Filter 'rateLimitingFilter' configured for use"}
{"timestamp":"2026-08-08 15:30:21.226","level":"INFO ","thread":"restartedMain","logger":"com.zaxxer.hikari.HikariDataSource","correlationId":"","message":"HikariPool-2 - Starting..."}
{"timestamp":"2026-08-08 15:30:21.255","level":"INFO ","thread":"restartedMain","logger":"com.zaxxer.hikari.pool.HikariPool","correlationId":"","message":"HikariPool-2 - Added connection org.postgresql.jdbc.PgConnection@2ff13167"}
{"timestamp":"2026-08-08 15:30:21.256","level":"INFO ","thread":"restartedMain","logger":"com.zaxxer.hikari.HikariDataSource","correlationId":"","message":"HikariPool-2 - Start completed."}
{"timestamp":"2026-08-08 15:30:21.262","level":"INFO ","thread":"restartedMain","logger":"org.flywaydb.core.FlywayExecutor","correlationId":"","message":"Database: jdbc:postgresql://localhost:5433/HIMPACT_DB (PostgreSQL 16.14)"}
{"timestamp":"2026-08-08 15:30:21.319","level":"INFO ","thread":"restartedMain","logger":"o.f.core.internal.command.DbValidate","correlationId":"","message":"Successfully validated 18 migrations (execution time 00:00.037s)"}
{"timestamp":"2026-08-08 15:30:21.346","level":"INFO ","thread":"restartedMain","logger":"o.f.core.internal.command.DbMigrate","correlationId":"","message":"Current version of schema "public": 18"}
{"timestamp":"2026-08-08 15:30:21.348","level":"INFO ","thread":"restartedMain","logger":"o.f.core.internal.command.DbMigrate","correlationId":"","message":"Schema "public" is up to date. No migration necessary."}
{"timestamp":"2026-08-08 15:30:21.421","level":"INFO ","thread":"restartedMain","logger":"o.h.jpa.internal.util.LogHelper","correlationId":"","message":"HHH000204: Processing PersistenceUnitInfo [name: default]"}
{"timestamp":"2026-08-08 15:30:21.426","level":"INFO ","thread":"restartedMain","logger":"o.h.c.i.RegionFactoryInitiator","correlationId":"","message":"HHH000026: Second-level cache disabled"}
{"timestamp":"2026-08-08 15:30:21.452","level":"INFO ","thread":"restartedMain","logger":"o.s.o.j.p.SpringPersistenceUnitInfo","correlationId":"","message":"No LoadTimeWeaver setup: ignoring JPA class transformer"}
{"timestamp":"2026-08-08 15:30:21.462","level":"WARN ","thread":"restartedMain","logger":"org.hibernate.orm.deprecation","correlationId":"","message":"HHH90000025: PostgreSQLDialect does not need to be specified explicitly using 'hibernate.dialect' (remove the property setting and it will be selected by default)"}
{"timestamp":"2026-08-08 15:30:21.468","level":"DEBUG","thread":"restartedMain","logger":"o.h.t.d.sql.spi.DdlTypeRegistry","correlationId":"","message":"addDescriptor(2003, org.hibernate.type.descriptor.sql.internal.ArrayDdlTypeImpl@183e6bdb) replaced previous registration(org.hibernate.type.descriptor.sql.internal.ArrayDdlTypeImpl@1ca89a16)"}
{"timestamp":"2026-08-08 15:30:21.469","level":"DEBUG","thread":"restartedMain","logger":"o.h.t.d.sql.spi.DdlTypeRegistry","correlationId":"","message":"addDescriptor(6, org.hibernate.type.descriptor.sql.internal.CapacityDependentDdlType@6a6709f5) replaced previous registration(org.hibernate.type.descriptor.sql.internal.DdlTypeImpl@61d19465)"}
{"timestamp":"2026-08-08 15:30:21.933","level":"INFO ","thread":"restartedMain","logger":"o.h.e.t.j.p.i.JtaPlatformInitiator","correlationId":"","message":"HHH000489: No JTA platform available (set 'hibernate.transaction.jta.platform' to enable JTA platform integration)"}
{"timestamp":"2026-08-08 15:30:21.965","level":"INFO ","thread":"restartedMain","logger":"o.s.o.j.LocalContainerEntityManagerFactoryBean","correlationId":"","message":"Initialized JPA EntityManagerFactory for persistence unit 'default'"}
{"timestamp":"2026-08-08 15:30:22.786","level":"WARN ","thread":"restartedMain","logger":"c.h.s.GoogleDriveStorageProvider","correlationId":"","message":"Google Drive Service Account JSON is empty. Using fallback mode for local development."}
{"timestamp":"2026-08-08 15:30:22.927","level":"WARN ","thread":"restartedMain","logger":"o.s.b.a.o.j.JpaBaseConfiguration$JpaWebConfiguration","correlationId":"","message":"spring.jpa.open-in-view is enabled by default. Therefore, database queries may be performed during view rendering. Explicitly configure spring.jpa.open-in-view to disable this warning"}
{"timestamp":"2026-08-08 15:30:22.969","level":"WARN ","thread":"restartedMain","logger":"o.s.b.a.s.s.UserDetailsServiceAutoConfiguration","correlationId":"","message":"

Using generated security password: 691e384e-2e09-4fbb-bd85-47acb677fcca

This generated password is for development use only. Your security configuration must be updated before running your application in production.
"}
{"timestamp":"2026-08-08 15:30:22.973","level":"INFO ","thread":"restartedMain","logger":"o.s.s.c.a.a.c.InitializeUserDetailsBeanManagerConfigurer$InitializeUserDetailsManagerConfigurer","correlationId":"","message":"Global AuthenticationManager configured with UserDetailsService bean with name inMemoryUserDetailsManager"}
{"timestamp":"2026-08-08 15:30:23.293","level":"INFO ","thread":"restartedMain","logger":"o.s.b.a.e.web.EndpointLinksResolver","correlationId":"","message":"Exposing 4 endpoints beneath base path '/actuator'"}
{"timestamp":"2026-08-08 15:30:23.363","level":"DEBUG","thread":"restartedMain","logger":"o.s.s.web.DefaultSecurityFilterChain","correlationId":"","message":"Will secure any request with filters: DisableEncodeUrlFilter, WebAsyncManagerIntegrationFilter, SecurityContextHolderFilter, HeaderWriterFilter, CorsFilter, LogoutFilter, CorrelationIdFilter, RateLimitingFilter, JwtAuthenticationFilter, RequestCacheAwareFilter, SecurityContextHolderAwareRequestFilter, AnonymousAuthenticationFilter, SessionManagementFilter, ExceptionTranslationFilter, AuthorizationFilter"}
{"timestamp":"2026-08-08 15:30:23.880","level":"INFO ","thread":"restartedMain","logger":"o.s.b.d.a.OptionalLiveReloadServer","correlationId":"","message":"LiveReload server is running on port 35729"}
{"timestamp":"2026-08-08 15:30:23.912","level":"INFO ","thread":"restartedMain","logger":"o.a.coyote.http11.Http11NioProtocol","correlationId":"","message":"Starting ProtocolHandler ["http-nio-8080"]"}
{"timestamp":"2026-08-08 15:30:23.920","level":"INFO ","thread":"restartedMain","logger":"o.s.b.w.e.tomcat.TomcatWebServer","correlationId":"","message":"Tomcat started on port 8080 (http) with context path '/'"}
{"timestamp":"2026-08-08 15:30:23.943","level":"INFO ","thread":"restartedMain","logger":"com.himpact.HimpactApplication","correlationId":"","message":"Started HimpactApplication in 4.752 seconds (process running for 77045.519)"}
{"timestamp":"2026-08-08 15:30:23.949","level":"INFO ","thread":"restartedMain","logger":"o.s.b.d.a.ConditionEvaluationDeltaLoggingListener","correlationId":"","message":"Condition evaluation unchanged"}
{"timestamp":"2026-08-08 15:35:28.687","level":"INFO ","thread":"http-nio-8080-exec-1","logger":"o.a.c.c.C.[Tomcat].[localhost].[/]","correlationId":"","message":"Initializing Spring DispatcherServlet 'dispatcherServlet'"}
{"timestamp":"2026-08-08 15:35:28.693","level":"INFO ","thread":"http-nio-8080-exec-1","logger":"o.s.web.servlet.DispatcherServlet","correlationId":"","message":"Initializing Servlet 'dispatcherServlet'"}
{"timestamp":"2026-08-08 15:35:28.719","level":"INFO ","thread":"http-nio-8080-exec-1","logger":"o.s.web.servlet.DispatcherServlet","correlationId":"","message":"Completed initialization in 26 ms"}
{"timestamp":"2026-08-08 15:35:28.743","level":"DEBUG","thread":"http-nio-8080-exec-1","logger":"o.s.security.web.FilterChainProxy","correlationId":"","message":"Securing GET /actuator/health"}
{"timestamp":"2026-08-08 15:35:28.769","level":"DEBUG","thread":"http-nio-8080-exec-1","logger":"o.s.s.w.a.AnonymousAuthenticationFilter","correlationId":"9c708019-4ab9-4987-8bff-d0764c16c22c","message":"Set SecurityContextHolder to anonymous SecurityContext"}
{"timestamp":"2026-08-08 15:35:28.774","level":"DEBUG","thread":"http-nio-8080-exec-1","logger":"o.s.security.web.FilterChainProxy","correlationId":"9c708019-4ab9-4987-8bff-d0764c16c22c","message":"Secured GET /actuator/health"}
{"timestamp":"2026-08-08 15:35:28.949","level":"WARN ","thread":"http-nio-8080-exec-1","logger":"o.s.b.a.mail.MailHealthIndicator","correlationId":"9c708019-4ab9-4987-8bff-d0764c16c22c","message":"Mail health check failed"}
jakarta.mail.AuthenticationFailedException: failed to connect, no password specified?
	at jakarta.mail.Service.connect(Service.java:379)
	at org.springframework.mail.javamail.JavaMailSenderImpl.connectTransport(JavaMailSenderImpl.java:480)
	at org.springframework.mail.javamail.JavaMailSenderImpl.testConnection(JavaMailSenderImpl.java:360)
	at org.springframework.boot.actuate.mail.MailHealthIndicator.doHealthCheck(MailHealthIndicator.java:52)
	at org.springframework.boot.actuate.health.AbstractHealthIndicator.health(AbstractHealthIndicator.java:82)
	at org.springframework.boot.actuate.health.HealthIndicator.getHealth(HealthIndicator.java:37)
	at org.springframework.boot.actuate.health.HealthEndpointWebExtension.getHealth(HealthEndpointWebExtension.java:94)
	at org.springframework.boot.actuate.health.HealthEndpointWebExtension.getHealth(HealthEndpointWebExtension.java:47)
	at org.springframework.boot.actuate.health.HealthEndpointSupport.getLoggedHealth(HealthEndpointSupport.java:172)
	at org.springframework.boot.actuate.health.HealthEndpointSupport.getContribution(HealthEndpointSupport.java:145)
	at org.springframework.boot.actuate.health.HealthEndpointSupport.getAggregateContribution(HealthEndpointSupport.java:156)
	at org.springframework.boot.actuate.health.HealthEndpointSupport.getContribution(HealthEndpointSupport.java:141)
	at org.springframework.boot.actuate.health.HealthEndpointSupport.getHealth(HealthEndpointSupport.java:110)
	at org.springframework.boot.actuate.health.HealthEndpointSupport.getHealth(HealthEndpointSupport.java:81)
	at org.springframework.boot.actuate.health.HealthEndpointWebExtension.health(HealthEndpointWebExtension.java:80)
	at org.springframework.boot.actuate.health.HealthEndpointWebExtension.health(HealthEndpointWebExtension.java:69)
	at java.base/jdk.internal.reflect.DirectMethodHandleAccessor.invoke(DirectMethodHandleAccessor.java:103)
	at java.base/java.lang.reflect.Method.invoke(Method.java:580)
	at org.springframework.util.ReflectionUtils.invokeMethod(ReflectionUtils.java:281)
	at org.springframework.boot.actuate.endpoint.invoke.reflect.ReflectiveOperationInvoker.invoke(ReflectiveOperationInvoker.java:74)
	at org.springframework.boot.actuate.endpoint.annotation.AbstractDiscoveredOperation.invoke(AbstractDiscoveredOperation.java:60)
	at org.springframework.boot.actuate.endpoint.web.servlet.AbstractWebMvcEndpointHandlerMapping$ServletWebOperationAdapter.handle(AbstractWebMvcEndpointHandlerMapping.java:327)
	at org.springframework.boot.actuate.endpoint.web.servlet.AbstractWebMvcEndpointHandlerMapping$OperationHandler.handle(AbstractWebMvcEndpointHandlerMapping.java:434)
	at java.base/jdk.internal.reflect.DirectMethodHandleAccessor.invoke(DirectMethodHandleAccessor.java:103)
	at java.base/java.lang.reflect.Method.invoke(Method.java:580)
	at org.springframework.web.method.support.InvocableHandlerMethod.doInvoke(InvocableHandlerMethod.java:255)
	at org.springframework.web.method.support.InvocableHandlerMethod.invokeForRequest(InvocableHandlerMethod.java:188)
	at org.springframework.web.servlet.mvc.method.annotation.ServletInvocableHandlerMethod.invokeAndHandle(ServletInvocableHandlerMethod.java:118)
	at org.springframework.web.servlet.mvc.method.annotation.RequestMappingHandlerAdapter.invokeHandlerMethod(RequestMappingHandlerAdapter.java:926)
	at org.springframework.web.servlet.mvc.method.annotation.RequestMappingHandlerAdapter.handleInternal(RequestMappingHandlerAdapter.java:831)
	at org.springframework.web.servlet.mvc.method.AbstractHandlerMethodAdapter.handle(AbstractHandlerMethodAdapter.java:87)
	at org.springframework.web.servlet.DispatcherServlet.doDispatch(DispatcherServlet.java:1089)
	at org.springframework.web.servlet.DispatcherServlet.doService(DispatcherServlet.java:979)
	at org.springframework.web.servlet.FrameworkServlet.processRequest(FrameworkServlet.java:1014)
	at org.springframework.web.servlet.FrameworkServlet.doGet(FrameworkServlet.java:903)
	at jakarta.servlet.http.HttpServlet.service(HttpServlet.java:564)
	at org.springframework.web.servlet.FrameworkServlet.service(FrameworkServlet.java:885)
	at jakarta.servlet.http.HttpServlet.service(HttpServlet.java:658)
	at org.apache.catalina.core.ApplicationFilterChain.internalDoFilter(ApplicationFilterChain.java:195)
	at org.apache.catalina.core.ApplicationFilterChain.doFilter(ApplicationFilterChain.java:140)
	at org.apache.tomcat.websocket.server.WsFilter.doFilter(WsFilter.java:51)
	at org.apache.catalina.core.ApplicationFilterChain.internalDoFilter(ApplicationFilterChain.java:164)
	at org.apache.catalina.core.ApplicationFilterChain.doFilter(ApplicationFilterChain.java:140)
	at org.springframework.web.filter.OncePerRequestFilter.doFilter(OncePerRequestFilter.java:110)
	at org.apache.catalina.core.ApplicationFilterChain.internalDoFilter(ApplicationFilterChain.java:164)
	at org.apache.catalina.core.ApplicationFilterChain.doFilter(ApplicationFilterChain.java:140)
	at org.springframework.web.filter.OncePerRequestFilter.doFilter(OncePerRequestFilter.java:110)
	at org.apache.catalina.core.ApplicationFilterChain.internalDoFilter(ApplicationFilterChain.java:164)
	at org.apache.catalina.core.ApplicationFilterChain.doFilter(ApplicationFilterChain.java:140)
	at org.springframework.web.filter.OncePerRequestFilter.doFilter(OncePerRequestFilter.java:110)
	at org.apache.catalina.core.ApplicationFilterChain.internalDoFilter(ApplicationFilterChain.java:164)
	at org.apache.catalina.core.ApplicationFilterChain.doFilter(ApplicationFilterChain.java:140)
	at org.springframework.web.filter.CompositeFilter$VirtualFilterChain.doFilter(CompositeFilter.java:108)
	at org.springframework.security.web.FilterChainProxy.lambda$doFilterInternal$3(FilterChainProxy.java:231)
	at org.springframework.security.web.ObservationFilterChainDecorator$FilterObservation$SimpleFilterObservation.lambda$wrap$1(ObservationFilterChainDecorator.java:479)
	at org.springframework.security.web.ObservationFilterChainDecorator$AroundFilterObservation$SimpleAroundFilterObservation.lambda$wrap$1(ObservationFilterChainDecorator.java:340)
	at org.springframework.security.web.ObservationFilterChainDecorator.lambda$wrapSecured$0(ObservationFilterChainDecorator.java:82)
	at org.springframework.security.web.ObservationFilterChainDecorator$VirtualFilterChain.doFilter(ObservationFilterChainDecorator.java:128)
	at org.springframework.security.web.access.intercept.AuthorizationFilter.doFilter(AuthorizationFilter.java:100)
	at org.springframework.security.web.ObservationFilterChainDecorator$ObservationFilter.wrapFilter(ObservationFilterChainDecorator.java:240)
	at org.springframework.security.web.ObservationFilterChainDecorator$ObservationFilter.doFilter(ObservationFilterChainDecorator.java:227)
	at org.springframework.security.web.ObservationFilterChainDecorator$VirtualFilterChain.doFilter(ObservationFilterChainDecorator.java:137)
	at org.springframework.security.web.access.ExceptionTranslationFilter.doFilter(ExceptionTranslationFilter.java:126)
	at org.springframework.security.web.access.ExceptionTranslationFilter.doFilter(ExceptionTranslationFilter.java:120)
	at org.springframework.security.web.ObservationFilterChainDecorator$ObservationFilter.wrapFilter(ObservationFilterChainDecorator.java:240)
	at org.springframework.security.web.ObservationFilterChainDecorator$ObservationFilter.doFilter(ObservationFilterChainDecorator.java:227)
	at org.springframework.security.web.ObservationFilterChainDecorator$VirtualFilterChain.doFilter(ObservationFilterChainDecorator.java:137)
	at org.springframework.security.web.session.SessionManagementFilter.doFilter(SessionManagementFilter.java:131)
	at org.springframework.security.web.session.SessionManagementFilter.doFilter(SessionManagementFilter.java:85)
	at org.springframework.security.web.ObservationFilterChainDecorator$ObservationFilter.wrapFilter(ObservationFilterChainDecorator.java:240)
	at org.springframework.security.web.ObservationFilterChainDecorator$ObservationFilter.doFilter(ObservationFilterChainDecorator.java:227)
	at org.springframework.security.web.ObservationFilterChainDecorator$VirtualFilterChain.doFilter(ObservationFilterChainDecorator.java:137)
	at org.springframework.security.web.authentication.AnonymousAuthenticationFilter.doFilter(AnonymousAuthenticationFilter.java:100)
	at org.springframework.security.web.ObservationFilterChainDecorator$ObservationFilter.wrapFilter(ObservationFilterChainDecorator.java:240)
	at org.springframework.security.web.ObservationFilterChainDecorator$ObservationFilter.doFilter(ObservationFilterChainDecorator.java:227)
	at org.springframework.security.web.ObservationFilterChainDecorator$VirtualFilterChain.doFilter(ObservationFilterChainDecorator.java:137)
	at org.springframework.security.web.servletapi.SecurityContextHolderAwareRequestFilter.doFilter(SecurityContextHolderAwareRequestFilter.java:179)
	at org.springframework.security.web.ObservationFilterChainDecorator$ObservationFilter.wrapFilter(ObservationFilterChainDecorator.java:240)
	at org.springframework.security.web.ObservationFilterChainDecorator$ObservationFilter.doFilter(ObservationFilterChainDecorator.java:227)
	at org.springframework.security.web.ObservationFilterChainDecorator$VirtualFilterChain.doFilter(ObservationFilterChainDecorator.java:137)
	at org.springframework.security.web.savedrequest.RequestCacheAwareFilter.doFilter(RequestCacheAwareFilter.java:63)
	at org.springframework.security.web.ObservationFilterChainDecorator$ObservationFilter.wrapFilter(ObservationFilterChainDecorator.java:240)
	at org.springframework.security.web.ObservationFilterChainDecorator$ObservationFilter.doFilter(ObservationFilterChainDecorator.java:227)
	at org.springframework.security.web.ObservationFilterChainDecorator$VirtualFilterChain.doFilter(ObservationFilterChainDecorator.java:137)
	at com.himpact.security.JwtAuthenticationFilter.doFilterInternal(JwtAuthenticationFilter.java:67)
	at org.springframework.web.filter.OncePerRequestFilter.doFilter(OncePerRequestFilter.java:116)
	at org.springframework.security.web.ObservationFilterChainDecorator$ObservationFilter.wrapFilter(ObservationFilterChainDecorator.java:240)
	at org.springframework.security.web.ObservationFilterChainDecorator$ObservationFilter.doFilter(ObservationFilterChainDecorator.java:227)
	at org.springframework.security.web.ObservationFilterChainDecorator$VirtualFilterChain.doFilter(ObservationFilterChainDecorator.java:137)
	at com.himpact.security.RateLimitingFilter.doFilterInternal(RateLimitingFilter.java:63)
	at org.springframework.web.filter.OncePerRequestFilter.doFilter(OncePerRequestFilter.java:116)
	at org.springframework.security.web.ObservationFilterChainDecorator$ObservationFilter.wrapFilter(ObservationFilterChainDecorator.java:240)
	at org.springframework.security.web.ObservationFilterChainDecorator$ObservationFilter.doFilter(ObservationFilterChainDecorator.java:227)
	at org.springframework.security.web.ObservationFilterChainDecorator$VirtualFilterChain.doFilter(ObservationFilterChainDecorator.java:137)
	at com.himpact.security.CorrelationIdFilter.doFilterInternal(CorrelationIdFilter.java:39)
	at org.springframework.web.filter.OncePerRequestFilter.doFilter(OncePerRequestFilter.java:116)
	at org.springframework.security.web.ObservationFilterChainDecorator$ObservationFilter.wrapFilter(ObservationFilterChainDecorator.java:240)
	at org.springframework.security.web.ObservationFilterChainDecorator$ObservationFilter.doFilter(ObservationFilterChainDecorator.java:227)
	at org.springframework.security.web.ObservationFilterChainDecorator$VirtualFilterChain.doFilter(ObservationFilterChainDecorator.java:137)
	at org.springframework.security.web.authentication.logout.LogoutFilter.doFilter(LogoutFilter.java:107)
	at org.springframework.security.web.authentication.logout.LogoutFilter.doFilter(LogoutFilter.java:93)
	at org.springframework.security.web.ObservationFilterChainDecorator$ObservationFilter.wrapFilter(ObservationFilterChainDecorator.java:240)
	at org.springframework.security.web.ObservationFilterChainDecorator$ObservationFilter.doFilter(ObservationFilterChainDecorator.java:227)
	at org.springframework.security.web.ObservationFilterChainDecorator$VirtualFilterChain.doFilter(ObservationFilterChainDecorator.java:137)
	at org.springframework.web.filter.CorsFilter.doFilterInternal(CorsFilter.java:91)
	at org.springframework.web.filter.OncePerRequestFilter.doFilter(OncePerRequestFilter.java:116)
	at org.springframework.security.web.ObservationFilterChainDecorator$ObservationFilter.wrapFilter(ObservationFilterChainDecorator.java:240)
	at org.springframework.security.web.ObservationFilterChainDecorator$ObservationFilter.doFilter(ObservationFilterChainDecorator.java:227)
	at org.springframework.security.web.ObservationFilterChainDecorator$VirtualFilterChain.doFilter(ObservationFilterChainDecorator.java:137)
	at org.springframework.security.web.header.HeaderWriterFilter.doHeadersAfter(HeaderWriterFilter.java:90)
	at org.springframework.security.web.header.HeaderWriterFilter.doFilterInternal(HeaderWriterFilter.java:75)
	at org.springframework.web.filter.OncePerRequestFilter.doFilter(OncePerRequestFilter.java:116)
	at org.springframework.security.web.ObservationFilterChainDecorator$ObservationFilter.wrapFilter(ObservationFilterChainDecorator.java:240)
	at org.springframework.security.web.ObservationFilterChainDecorator$ObservationFilter.doFilter(ObservationFilterChainDecorator.java:227)
	at org.springframework.security.web.ObservationFilterChainDecorator$VirtualFilterChain.doFilter(ObservationFilterChainDecorator.java:137)
	at org.springframework.security.web.context.SecurityContextHolderFilter.doFilter(SecurityContextHolderFilter.java:82)
	at org.springframework.security.web.context.SecurityContextHolderFilter.doFilter(SecurityContextHolderFilter.java:69)
	at org.springframework.security.web.ObservationFilterChainDecorator$ObservationFilter.wrapFilter(ObservationFilterChainDecorator.java:240)
	at org.springframework.security.web.ObservationFilterChainDecorator$ObservationFilter.doFilter(ObservationFilterChainDecorator.java:227)
	at org.springframework.security.web.ObservationFilterChainDecorator$VirtualFilterChain.doFilter(ObservationFilterChainDecorator.java:137)
	at org.springframework.security.web.context.request.async.WebAsyncManagerIntegrationFilter.doFilterInternal(WebAsyncManagerIntegrationFilter.java:62)
	at org.springframework.web.filter.OncePerRequestFilter.doFilter(OncePerRequestFilter.java:116)
	at org.springframework.security.web.ObservationFilterChainDecorator$ObservationFilter.wrapFilter(ObservationFilterChainDecorator.java:240)
	at org.springframework.security.web.ObservationFilterChainDecorator$ObservationFilter.doFilter(ObservationFilterChainDecorator.java:227)
	at org.springframework.security.web.ObservationFilterChainDecorator$VirtualFilterChain.doFilter(ObservationFilterChainDecorator.java:137)
	at org.springframework.security.web.session.DisableEncodeUrlFilter.doFilterInternal(DisableEncodeUrlFilter.java:42)
	at org.springframework.web.filter.OncePerRequestFilter.doFilter(OncePerRequestFilter.java:116)
	at org.springframework.security.web.ObservationFilterChainDecorator$ObservationFilter.wrapFilter(ObservationFilterChainDecorator.java:240)
	at org.springframework.security.web.ObservationFilterChainDecorator$AroundFilterObservation$SimpleAroundFilterObservation.lambda$wrap$0(ObservationFilterChainDecorator.java:323)
	at org.springframework.security.web.ObservationFilterChainDecorator$ObservationFilter.doFilter(ObservationFilterChainDecorator.java:224)
	at org.springframework.security.web.ObservationFilterChainDecorator$VirtualFilterChain.doFilter(ObservationFilterChainDecorator.java:137)
	at org.springframework.security.web.FilterChainProxy.doFilterInternal(FilterChainProxy.java:233)
	at org.springframework.security.web.FilterChainProxy.doFilter(FilterChainProxy.java:191)
	at org.springframework.web.filter.CompositeFilter$VirtualFilterChain.doFilter(CompositeFilter.java:113)
	at org.springframework.web.servlet.handler.HandlerMappingIntrospector.lambda$createCacheFilter$3(HandlerMappingIntrospector.java:195)
	at org.springframework.web.filter.CompositeFilter$VirtualFilterChain.doFilter(CompositeFilter.java:113)
	at org.springframework.web.filter.CompositeFilter.doFilter(CompositeFilter.java:74)
	at org.springframework.security.config.annotation.web.configuration.WebMvcSecurityConfiguration$CompositeFilterChainProxy.doFilter(WebMvcSecurityConfiguration.java:230)
	at org.springframework.web.filter.DelegatingFilterProxy.invokeDelegate(DelegatingFilterProxy.java:352)
	at org.springframework.web.filter.DelegatingFilterProxy.doFilter(DelegatingFilterProxy.java:268)
	at org.apache.catalina.core.ApplicationFilterChain.internalDoFilter(ApplicationFilterChain.java:164)
	at org.apache.catalina.core.ApplicationFilterChain.doFilter(ApplicationFilterChain.java:140)
	at org.springframework.web.filter.RequestContextFilter.doFilterInternal(RequestContextFilter.java:100)
	at org.springframework.web.filter.OncePerRequestFilter.doFilter(OncePerRequestFilter.java:116)
	at org.apache.catalina.core.ApplicationFilterChain.internalDoFilter(ApplicationFilterChain.java:164)
	at org.apache.catalina.core.ApplicationFilterChain.doFilter(ApplicationFilterChain.java:140)
	at org.springframework.web.filter.FormContentFilter.doFilterInternal(FormContentFilter.java:93)
	at org.springframework.web.filter.OncePerRequestFilter.doFilter(OncePerRequestFilter.java:116)
	at org.apache.catalina.core.ApplicationFilterChain.internalDoFilter(ApplicationFilterChain.java:164)
	at org.apache.catalina.core.ApplicationFilterChain.doFilter(ApplicationFilterChain.java:140)
	at org.springframework.web.filter.ServerHttpObservationFilter.doFilterInternal(ServerHttpObservationFilter.java:113)
	at org.springframework.web.filter.OncePerRequestFilter.doFilter(OncePerRequestFilter.java:116)
	at org.apache.catalina.core.ApplicationFilterChain.internalDoFilter(ApplicationFilterChain.java:164)
	at org.apache.catalina.core.ApplicationFilterChain.doFilter(ApplicationFilterChain.java:140)
	at org.springframework.web.filter.CharacterEncodingFilter.doFilterInternal(CharacterEncodingFilter.java:201)
	at org.springframework.web.filter.OncePerRequestFilter.doFilter(OncePerRequestFilter.java:116)
	at org.apache.catalina.core.ApplicationFilterChain.internalDoFilter(ApplicationFilterChain.java:164)
	at org.apache.catalina.core.ApplicationFilterChain.doFilter(ApplicationFilterChain.java:140)
	at org.apache.catalina.core.StandardWrapperValve.invoke(StandardWrapperValve.java:167)
	at org.apache.catalina.core.StandardContextValve.invoke(StandardContextValve.java:90)
	at org.apache.catalina.authenticator.AuthenticatorBase.invoke(AuthenticatorBase.java:483)
	at org.apache.catalina.core.StandardHostValve.invoke(StandardHostValve.java:115)
	at org.apache.catalina.valves.ErrorReportValve.invoke(ErrorReportValve.java:93)
	at org.apache.catalina.core.StandardEngineValve.invoke(StandardEngineValve.java:74)
	at org.apache.catalina.connector.CoyoteAdapter.service(CoyoteAdapter.java:344)
	at org.apache.coyote.http11.Http11Processor.service(Http11Processor.java:389)
	at org.apache.coyote.AbstractProcessorLight.process(AbstractProcessorLight.java:63)
	at org.apache.coyote.AbstractProtocol$ConnectionHandler.process(AbstractProtocol.java:904)
	at org.apache.tomcat.util.net.NioEndpoint$SocketProcessor.doRun(NioEndpoint.java:1741)
	at org.apache.tomcat.util.net.SocketProcessorBase.run(SocketProcessorBase.java:52)
	at org.apache.tomcat.util.threads.ThreadPoolExecutor.runWorker(ThreadPoolExecutor.java:1190)
	at org.apache.tomcat.util.threads.ThreadPoolExecutor$Worker.run(ThreadPoolExecutor.java:659)
	at org.apache.tomcat.util.threads.TaskThread$WrappingRunnable.run(TaskThread.java:63)
	at java.base/java.lang.Thread.run(Thread.java:1583)
{"timestamp":"2026-08-08 15:35:29.040","level":"DEBUG","thread":"http-nio-8080-exec-2","logger":"o.s.security.web.FilterChainProxy","correlationId":"","message":"Securing GET /favicon.ico"}
{"timestamp":"2026-08-08 15:35:29.043","level":"DEBUG","thread":"http-nio-8080-exec-2","logger":"o.s.s.w.a.AnonymousAuthenticationFilter","correlationId":"3168f8d6-0cdc-4ba0-9e55-9db0894711c4","message":"Set SecurityContextHolder to anonymous SecurityContext"}
{"timestamp":"2026-08-08 15:35:29.051","level":"DEBUG","thread":"http-nio-8080-exec-2","logger":"o.s.s.w.a.Http403ForbiddenEntryPoint","correlationId":"3168f8d6-0cdc-4ba0-9e55-9db0894711c4","message":"Pre-authenticated entry point called. Rejecting access"}
{"timestamp":"2026-08-08 15:35:29.056","level":"DEBUG","thread":"http-nio-8080-exec-2","logger":"o.s.security.web.FilterChainProxy","correlationId":"","message":"Securing GET /error"}
{"timestamp":"2026-08-08 15:35:29.058","level":"DEBUG","thread":"http-nio-8080-exec-2","logger":"o.s.s.w.a.AnonymousAuthenticationFilter","correlationId":"","message":"Set SecurityContextHolder to anonymous SecurityContext"}
{"timestamp":"2026-08-08 15:35:29.058","level":"DEBUG","thread":"http-nio-8080-exec-2","logger":"o.s.s.w.a.Http403ForbiddenEntryPoint","correlationId":"","message":"Pre-authenticated entry point called. Rejecting access"}
